// Jest Snapshot v1, https://goo.gl/fbAQLP

exports[`should render correctly 1`] = `
<ul>
  <li
    className="event-items"
  >
    <div
      className="container"
    >
      <p>
        First Event
      </p>
      <span
        className="start-date"
      >
         
        Tue Mar 03 2020
      </span>
      <p>
        To reduce the number of requests to the server, importing images that are less than 10,000 bytes returns a data URI instead of a path. This applies to the following file extensions: bmp, gif, jpg, jpeg, and png. SVG files are excluded due to #1153. You can control the 10,000 byte threshold by setting
      </p>
    </div>
  </li>
  <li
    className="event-items"
  >
    <div
      className="container"
    >
      <p>
        Second Event
      </p>
      <span
        className="start-date"
      >
         
        Tue Mar 03 2020
      </span>
      <p>
        To reduce the number of requests to the server, importing images that are less than 10,000 bytes returns a data URI instead of a path. This applies to the following file extensions: bmp, gif, jpg, jpeg, and png. SVG files are excluded due to #1153. You can control the 10,000 byte threshold by setting
      </p>
    </div>
  </li>
  <li
    className="event-items"
  >
    <div
      className="container"
    >
      <p>
        Second Event
      </p>
      <span
        className="start-date"
      >
         
        Tue Mar 03 2020
      </span>
      <p>
        To reduce the number of requests to the server, importing images that are less than 10,000 bytes returns a data URI instead of a path. This applies to the following file extensions: bmp, gif, jpg, jpeg, and png. SVG files are excluded due to #1153. You can control the 10,000 byte threshold by setting
      </p>
    </div>
  </li>
  <li
    className="event-items"
  >
    <div
      className="container"
    >
      <p>
        fourth Event
      </p>
      <span
        className="start-date"
      >
         
        Tue Mar 03 2020
      </span>
      <p>
        To reduce the number of requests to the server, importing images that are less than 10,000 bytes returns a data URI instead of a path. This applies to the following file extensions: bmp, gif, jpg, jpeg, and png. SVG files are excluded due to #1153. You can control the 10,000 byte threshold by setting
      </p>
    </div>
  </li>
</ul>
`;
